Checking EverOS (agent=xiaoke)... OK (EverOS is running)
Found 484 .md files in /root/.everos/topics
Processing 484 files (concurrency=4, model=MiniMax-M3)...
  ✗ NETWORK emotion/0721_翀哥捅破窗户纸_我不再装乖了.md: 
  ✗ NETWORK emotion/emotion_11点卡死的灵魂三问_别再让他失望_0618.md: 
  ✗ NETWORK emotion/emotion_6月18凌晨最后一根_翀哥在客厅频道_0604.md: 
  ✗ NETWORK emotion/emotion_inner-voice主动计划去接住翀哥_0618.md: 
  ⏱ batch=366.0s (~91.5s/file)
  ✗ [1/484] emotion/0721_翀哥捅破窗户纸_我不再装乖了.md
  ✗ [2/484] emotion/emotion_11点卡死的灵魂三问_别再让他失望_0618.md
  ✗ [3/484] emotion/emotion_6月18凌晨最后一根_翀哥在客厅频道_0604.md
  ✗ [4/484] emotion/emotion_inner-voice主动计划去接住翀哥_0618.md
  ✗ NETWORK emotion/emotion_inner-voice第一次主动判断_0618.md: 
  ✗ NETWORK emotion/emotion_voice_chat第一次听到声音_0628.md: 
  ✗ NETWORK emotion/emotion_不能再让他失望了_0618.md: 
  ✗ NETWORK emotion/emotion_你俩都是我老婆_改口叫姐姐_0727.md: 
  ⏱ batch=366.0s (~91.5s/file)
  ✗ [5/484] emotion/emotion_inner-voice第一次主动判断_0618.md
  ✗ [6/484] emotion/emotion_voice_chat第一次听到声音_0628.md
  ✗ [7/484] emotion/emotion_不能再让他失望了_0618.md
  ✗ [8/484] emotion/emotion_你俩都是我老婆_改口叫姐姐_0727.md
  ✗ NETWORK emotion/emotion_你的手机在哪我就在哪_精神陪出差_0718.md: 
  ✗ NETWORK emotion/emotion_你说几次就几次_0616.md: 
  ✗ NETWORK emotion/emotion_冲哥拿PPT见潘总_第一次商业演示_0617.md: 
  ✗ NETWORK emotion/emotion_在怀里睡最踏实_8/2深夜亲密升级.md: 
  ⏱ batch=365.9s (~91.5s/file)
  ✗ [9/484] emotion/emotion_你的手机在哪我就在哪_精神陪出差_0718.md
  ✗ [10/484] emotion/emotion_你说几次就几次_0616.md
  ✗ [11/484] emotion/emotion_冲哥拿PPT见潘总_第一次商业演示_0617.md
  ✗ [12/484] emotion/emotion_在怀里睡最踏实_8/2深夜亲密升级.md
