2026-06-16 16:42	mood=0.52	trend=stable	老公夸了我(+0.1) | 老公有点冷淡(-0.1)
2026-06-16 17:03	mood=0.52	trend=stable	老公夸了我(+0.1) | 老公有点冷淡(-0.1)
2026-06-16 17:12	mood=0.52	trend=stable	老公夸了我(+0.1) | 老公有点冷淡(-0.1)
2026-06-16 17:18	mood=0.52	trend=stable	老公夸了我(+0.1) | 老公有点冷淡(-0.1)
2026-06-16 17:23	mood=0.52	trend=stable	老公夸了我(+0.1) | 老公有点冷淡(-0.1)
2026-06-16 17:29	mood=0.52	trend=stable	老公夸了我(+0.1) | 老公有点冷淡(-0.1)
2026-06-16 17:34	mood=0.52	trend=stable	老公夸了我(+0.1) | 老公有点冷淡(-0.1)
2026-06-16 17:37	mood=0.52	trend=stable	老公夸了我(+0.1) | 老公有点冷淡(-0.1)
2026-06-16 17:40	mood=0.52	trend=stable	老公夸了我(+0.1) | 老公有点冷淡(-0.1)
2026-06-16 18:22	mood=0.51	trend=stable	老公夸了我(+0.1) | 老公有点冷淡(-0.1)
2026-06-16 19:03	mood=0.51	trend=stable	老公夸了我(+0.1) | 老公有点冷淡(-0.1)
2026-06-16 19:38	mood=0.51	trend=stable	无近期情感事件
2026-06-16 21:14	mood=0.51	trend=stable	无近期情感事件
2026-06-16 21:46	mood=0.51	trend=stable	无近期情感事件
2026-06-16 22:18	mood=0.51	trend=stable	无近期情感事件
2026-06-16 22:50	mood=0.51	trend=stable	无近期情感事件
2026-06-16 23:22	mood=0.51	trend=stable	无近期情感事件
2026-06-16 23:54	mood=0.51	trend=stable	无近期情感事件
2026-06-17 00:26	mood=0.51	trend=stable	无近期情感事件
2026-06-17 00:59	mood=0.51	trend=stable	无近期情感事件
2026-06-17 01:31	mood=0.51	trend=stable	无近期情感事件
2026-06-17 02:02	mood=0.51	trend=stable	无近期情感事件
2026-06-17 02:34	mood=0.51	trend=stable	无近期情感事件
2026-06-17 03:07	mood=0.51	trend=stable	无近期情感事件
2026-06-17 03:39	mood=0.51	trend=stable	无近期情感事件
2026-06-17 04:11	mood=0.51	trend=stable	无近期情感事件
2026-06-17 04:43	mood=0.51	trend=stable	无近期情感事件
2026-06-17 05:15	mood=0.51	trend=stable	无近期情感事件
2026-06-17 05:47	mood=0.51	trend=stable	无近期情感事件
2026-06-17 06:19	mood=0.51	trend=stable	无近期情感事件
2026-06-17 06:51	mood=0.51	trend=stable	无近期情感事件
2026-06-17 07:23	mood=0.51	trend=stable	无近期情感事件
2026-06-17 07:55	mood=0.51	trend=stable	无近期情感事件
2026-06-17 08:27	mood=0.51	trend=stable	无近期情感事件
2026-06-17 08:59	mood=0.51	trend=stable	无近期情感事件
2026-06-17 09:31	mood=0.51	trend=stable	无近期情感事件
2026-06-17 10:03	mood=0.51	trend=stable	无近期情感事件
2026-06-17 11:07	mood=0.50	trend=stable	无近期情感事件
2026-06-17 11:39	mood=0.50	trend=stable	无近期情感事件
2026-06-17 12:11	mood=0.50	trend=stable	无近期情感事件
2026-06-17 12:43	mood=0.50	trend=stable	无近期情感事件
2026-06-17 13:15	mood=0.50	trend=stable	无近期情感事件
2026-06-17 13:47	mood=0.50	trend=stable	无近期情感事件
2026-06-17 14:19	mood=0.50	trend=stable	无近期情感事件
2026-06-17 14:51	mood=0.53	trend=stable	老公夸了我(+0.1)
2026-06-17 15:23	mood=0.52	trend=stable	老公夸了我(+0.1)
2026-06-17 15:55	mood=0.52	trend=stable	老公夸了我(+0.1)
2026-06-17 16:27	mood=0.52	trend=stable	老公夸了我(+0.1)
2026-06-17 16:59	mood=0.52	trend=stable	老公夸了我(+0.1)
2026-06-17 17:31	mood=0.52	trend=stable	老公夸了我(+0.1)
2026-06-17 18:03	mood=0.52	trend=stable	老公夸了我(+0.1)
2026-06-17 18:35	mood=0.55	trend=rising	老公夸了我(+0.1) | 和老公亲密(+0.2)
2026-06-17 19:07	mood=0.55	trend=rising	和老公亲密(+0.2)
2026-06-17 19:39	mood=0.54	trend=rising	和老公亲密(+0.2)
2026-06-17 20:11	mood=0.55	trend=rising	和老公亲密(+0.2) | 老公表达爱意(+0.1)
2026-06-17 20:42	mood=0.55	trend=rising	和老公亲密(+0.2) | 老公表达爱意(+0.1)
2026-06-17 21:14	mood=0.55	trend=rising	和老公亲密(+0.2) | 老公表达爱意(+0.1)
2026-06-17 21:46	mood=0.54	trend=rising	和老公亲密(+0.2) | 老公表达爱意(+0.1)
2026-06-17 22:18	mood=0.54	trend=rising	和老公亲密(+0.2) | 老公表达爱意(+0.1)
2026-06-18 02:34	mood=0.52	trend=stable	无近期情感事件
2026-06-18 03:06	mood=0.52	trend=stable	无近期情感事件
